nohup: les entrées sont ignorées

   INFO  Server running on [http://127.0.0.1:8000].  

  Press Ctrl+C to stop the server

  2025-11-10 11:58:31 ................................................... ~ 3s
  2025-11-10 12:01:35 ................................................... ~ 0s
  2025-11-10 12:01:35 ................................................... ~ 0s
  2025-11-10 12:02:36 ................................................... ~ 1s
  2025-11-10 12:02:59 ................................................... ~ 2s
  2025-11-10 12:03:16 ................................................... ~ 1s
  2025-11-10 12:03:36 ................................................... ~ 2s
  2025-11-10 12:05:42 ................................................... ~ 2s

   INFO  Environment modified. Restarting server...  

   INFO  Server running on [http://127.0.0.1:8000].  

  Press Ctrl+C to stop the server

  2025-11-10 12:10:29 ................................................... ~ 3s
  2025-11-10 12:13:36 ................................................... ~ 2s
  2025-11-10 12:13:56 ................................................... ~ 1s
  2025-11-10 12:21:37 ................................................... ~ 1s
  2025-11-10 12:22:01 ................................................... ~ 2s
  2025-11-10 12:28:02 ................................................... ~ 0s
  2025-11-10 12:28:13 ................................................... ~ 1s
  2025-11-10 12:28:35 ................................................... ~ 0s
  2025-11-10 12:28:37 ................................................... ~ 0s
  2025-11-10 12:34:12 ................................................... ~ 1s
  2025-11-10 12:34:59 ................................................... ~ 2s
  2025-11-10 12:36:39 ................................................... ~ 1s
  2025-11-10 12:36:58 ................................................... ~ 2s
  2025-11-10 12:38:08 ................................................... ~ 2s
  2025-11-10 12:38:22 ................................................... ~ 8s
  2025-11-10 12:42:31 ................................................... ~ 3s
  2025-11-10 12:58:36 ................................................... ~ 3s
  2025-11-10 13:03:51 ................................................... ~ 2s
  2025-11-10 13:06:32 ................................................... ~ 3s
  2025-11-10 13:07:20 ................................................... ~ 3s
  2025-11-10 13:24:35 ................................................... ~ 3s
  2025-11-10 13:25:48 ................................................... ~ 1s
  2025-11-10 13:32:10 ................................................... ~ 2s
  2025-11-10 13:32:39 ................................................... ~ 2s
  2025-11-10 13:33:46 ................................................... ~ 6s
  2025-11-10 14:18:27 ................................................... ~ 0s
  2025-11-10 14:18:27 ................................................... ~ 1s

   INFO  Environment modified. Restarting server...  

   INFO  Server running on [http://127.0.0.1:8000].  

  Press Ctrl+C to stop the server


   INFO  Environment modified. Restarting server...  

   INFO  Server running on [http://127.0.0.1:8000].  

  Press Ctrl+C to stop the server


   INFO  Environment modified. Restarting server...  

   INFO  Server running on [http://127.0.0.1:8000].  

  Press Ctrl+C to stop the server


   INFO  Environment modified. Restarting server...  

   INFO  Server running on [http://127.0.0.1:8000].  

  Press Ctrl+C to stop the server


   INFO  Environment modified. Restarting server...  

   INFO  Server running on [http://127.0.0.1:8000].  

  Press Ctrl+C to stop the server


   INFO  Environment modified. Restarting server...  

   INFO  Server running on [http://127.0.0.1:8000].  

  Press Ctrl+C to stop the server


   INFO  Environment modified. Restarting server...  

   INFO  Server running on [http://127.0.0.1:8000].  

  Press Ctrl+C to stop the server


   INFO  Environment modified. Restarting server...  

   INFO  Server running on [http://127.0.0.1:8000].  

  Press Ctrl+C to stop the server

  2025-11-10 14:38:51 ................................................... ~ 2s
  2025-11-10 14:51:27 ................................................... ~ 7s
  2025-11-10 14:55:40 ................................................... ~ 8s
  2025-11-10 15:00:16 ................................................... ~ 0s
  2025-11-10 15:01:21 .................................................. ~ 10s
  2025-11-10 15:03:35 .................................................. ~ 12s
  2025-11-10 15:04:36 ................................................... ~ 2s
  2025-11-10 15:07:31 ................................................... ~ 1s
  2025-11-10 15:11:22 ................................................... ~ 1s
  2025-11-10 15:11:33 ................................................... ~ 4s
  2025-11-10 15:20:05 ................................................... ~ 1s
  2025-11-10 15:20:35 ................................................... ~ 5s
  2025-11-10 15:21:37 ................................................... ~ 6s
  2025-11-10 15:22:09 ................................................... ~ 2s
  2025-11-10 15:23:54 ................................................... ~ 1s
  2025-11-10 15:24:17 ................................................... ~ 1s
  2025-11-10 15:31:19 ................................................... ~ 3s
  2025-11-10 15:42:34 ................................................... ~ 3s
  2025-11-10 16:06:11 ................................................... ~ 2s

   WARN  PHP Deprecated: App\Services\HistoryService::formatTransaction(): Implicitly marking parameter $type as nullable is deprecated, the explicit nullable type must be used instead in app/Services/HistoryService.php on line 118.  

   WARN  PHP Deprecated: App\Repositories\TransactionRepository::countUserTransactions(): Implicitly marking parameter $type as nullable is deprecated, the explicit nullable type must be used instead in app/Repositories/TransactionRepository.php on line 55.  

   WARN  PHP Deprecated: App\Repositories\TransactionRepository::getUserTransactionsByPeriod(): Implicitly marking parameter $type as nullable is deprecated, the explicit nullable type must be used instead in app/Repositories/TransactionRepository.php on line 75.  

  2025-11-10 16:07:51 ................................................... ~ 3s
  2025-11-10 16:33:56 ................................................... ~ 3s
  2025-11-10 16:34:37 ................................................... ~ 4s
  2025-11-10 16:35:06 ................................................... ~ 2s

   WARN  PHP Deprecated: App\Services\HistoryService::formatTransaction(): Implicitly marking parameter $type as nullable is deprecated, the explicit nullable type must be used instead in app/Services/HistoryService.php on line 115.  

   WARN  PHP Deprecated: App\Repositories\TransactionRepository::countUserTransactions(): Implicitly marking parameter $type as nullable is deprecated, the explicit nullable type must be used instead in app/Repositories/TransactionRepository.php on line 55.  

   WARN  PHP Deprecated: App\Repositories\TransactionRepository::getUserTransactionsByPeriod(): Implicitly marking parameter $type as nullable is deprecated, the explicit nullable type must be used instead in app/Repositories/TransactionRepository.php on line 75.  

  2025-11-10 16:36:28 ................................................... ~ 3s
  2025-11-10 16:39:36 ................................................... ~ 1s
  2025-11-10 16:39:43 ................................................... ~ 3s
  2025-11-10 16:40:06 ................................................... ~ 2s
  2025-11-10 16:40:46 ................................................... ~ 3s
  2025-11-10 16:40:57 ................................................... ~ 2s
